; Ignore for 'server.pyt.lan:share/videos/series/' at Пт авг 28 13:13:41 MSK 2015
Castle.S07E01.rus.LostFilm.TV.avi
Castle.S07E02.rus.LostFilm.TV.avi
Castle.S07E03.rus.LostFilm.TV.avi
Castle.S07E04.rus.LostFilm.TV.avi
Castle.S07E05.rus.LostFilm.TV.avi
Castle.S07E06.rus.LostFilm.TV.avi
Castle.S07E07.rus.LostFilm.TV.avi
Castle.S07E08.rus.LostFilm.TV.avi
Castle.S07E09.rus.LostFilm.TV.avi
Castle.S07E10.rus.LostFilm.TV.avi
Castle.S07E11.rus.LostFilm.TV.avi
Castle.S07E12.rus.LostFilm.TV.avi
Castle.S07E13.rus.LostFilm.TV.avi
Castle.S07E14.rus.LostFilm.TV.avi
Castle.S07E15.rus.LostFilm.TV.avi
Castle.S07E16.rus.LostFilm.TV.avi
Castle.S07E17.rus.LostFilm.TV.avi
Castle.S07E19.rus.LostFilm.TV.avi
Castle.S07E20.rus.LostFilm.TV.avi
Castle.S07E21.rus.LostFilm.TV.avi
Castle.S07E22.rus.LostFilm.TV.avi
Castle.S07E23.rus.LostFilm.TV.avi
Constantine.S01E01.rus.LostFilm.TV.avi
Constantine.S01E02.rus.LostFilm.TV.avi
Constantine.S01E03.rus.LostFilm.TV.avi
Constantine.S01E04.rus.LostFilm.TV.avi
Constantine.S01E05.rus.LostFilm.TV.avi
Constantine.S01E06.rus.LostFilm.TV.avi
Constantine.S01E07.rus.LostFilm.TV.avi
Constantine.S01E08.rus.LostFilm.TV.avi
Constantine.S01E09.rus.LostFilm.TV.avi
Constantine.S01E10.rus.LostFilm.TV.avi
Constantine.S01E11.rus.LostFilm.TV.avi
Constantine.S01E12.rus.LostFilm.TV.avi
Dark.Matter.S01E01.rus.LostFilm.TV.avi
Dark.Matter.S01E02.rus.LostFilm.TV.avi
Dark.Matter.S01E03.rus.LostFilm.TV.avi
Dark.Matter.S01E04.rus.LostFilm.TV.avi
Dark.Matter.S01E05.rus.LostFilm.TV.avi
Dark.Matter.S01E06.rus.LostFilm.TV.avi
Dark.Matter.S01E07.rus.LostFilm.TV.avi
Dark.Matter.S01E08.rus.LostFilm.TV.avi
Dark.Matter.S01E09.rus.LostFilm.TV.avi
Defiance.S02E01.rus.LostFilm.TV.avi
Defiance.S02E02.rus.LostFilm.TV.avi
Defiance.S02E03.rus.LostFilm.TV.avi
Defiance.S02E04.rus.LostFilm.TV.avi
Elementary.S03E03.rus.LostFilm.TV.avi
Elementary.S03E13.rus.LostFilm.TV.avi
Elementary.S03E15.rus.LostFilm.TV.avi
Elementary.S03E16.rus.LostFilm.TV.avi
Elementary.S03E20.rus.LostFilm.TV.avi
Elementary.S03E21.rus.LostFilm.TV.avi
Elementary.S03E22.rus.LostFilm.TV.avi
Elementary.S03E23.rus.LostFilm.TV.avi
Elementary.S03E24.rus.LostFilm.TV.avi
Extant.S01E01.rus.LostFilm.TV.avi
Fargo.S01E01.rus.LostFilm.TV.avi
Fargo.S01E02.rus.LostFilm.TV.avi
Fargo.S01E03.rus.LostFilm.TV.avi
Fargo.S01E04.rus.LostFilm.TV.avi
Fargo.S01E05.rus.LostFilm.TV.avi
Fargo.S01E06.rus.LostFilm.TV.avi
Fargo.S01E07.rus.LostFilm.TV.avi
Fargo.S01E08.rus.LostFilm.TV.avi
Fargo.S01E09.rus.LostFilm.TV.avi
Fargo.S01E10.rus.LostFilm.TV.avi
Fear.the.Walking.Dead.S01E01.rus.LostFilm.TV.avi
From.Dusk.Till.Dawn.S01E01.rus.LostFilm.TV.avi
Game.of.Thrones.S05E01.rus.LostFilm.TV.avi
Game.of.Thrones.S05E02.rus.LostFilm.TV.avi
Game.of.Thrones.S05E03.rus.LostFilm.TV.avi
Game.of.Thrones.S05E04.rus.LostFilm.TV.avi
Game.of.Thrones.S05E05.rus.LostFilm.TV.avi
Game.of.Thrones.S05E07.rus.LostFilm.TV.avi
Game.of.Thrones.S05E08.rus.LostFilm.TV.avi
Game.of.Thrones.S05E09.rus.LostFilm.TV.avi
Game.of.Thrones.S05E10.rus.LostFilm.TV.avi
Gotham.S01E01.rus.LostFilm.TV.avi
Gotham.S01E02.rus.LostFilm.TV.avi
Gotham.S01E03.rus.LostFilm.TV.avi
Gotham.S01E17.rus.LostFilm.TV.avi
Gotham.S01E18.rus.LostFilm.TV.avi
Grimm.S04E01.rus.LostFilm.TV.avi
Grimm.S04E02.rus.LostFilm.TV.avi
Grimm.S04E03.rus.LostFilm.TV.avi
Grimm.S04E04.rus.LostFilm.TV.avi
Grimm.S04E05.rus.LostFilm.TV.avi
Grimm.S04E06.rus.LostFilm.TV.avi
Grimm.S04E07.rus.LostFilm.TV.avi
Grimm.S04E08.rus.LostFilm.TV.avi
Grimm.S04E09.rus.LostFilm.TV.avi
Grimm.S04E10.rus.LostFilm.TV.avi
Grimm.S04E11.rus.LostFilm.TV.avi
Grimm.S04E12.rus.LostFilm.TV.avi
Grimm.S04E15.rus.LostFilm.TV.avi
Grimm.S04E16.rus.LostFilm.TV.avi
Grimm.S04E18.rus.LostFilm.TV.avi
Grimm.S04E19.rus.LostFilm.TV.avi
Grimm.S04E20.rus.LostFilm.TV.avi
Grimm.S04E21.rus.LostFilm.TV.avi
Grimm.S04E22.rus.LostFilm.TV.avi
Helix.S02E01.rus.LostFilm.TV.avi
Helix.S02E02.rus.LostFilm.TV.avi
Helix.S02E03.rus.LostFilm.TV.avi
Helix.S02E04.rus.LostFilm.TV.avi
Helix.S02E05.rus.LostFilm.TV.avi
Helix.S02E06.rus.LostFilm.TV.avi
Helix.S02E07.rus.LostFilm.TV.avi
Helix.S02E08.rus.LostFilm.TV.avi
Houdini.S01E01.rus.LostFilm.TV.avi
Houdini.S01E02.rus.LostFilm.TV.avi
Houdini.S01E03.rus.LostFilm.TV.avi
In.The.Flesh.S01E01.rus.LostFilm.TV.avi
Jonathan.Strange.And.Mr.Norrell.s01e01.HDTVRip.XviD.Rus.Eng.BaibaKo.tv.avi
Jonathan.Strange.And.Mr.Norrell.s01e02.HDTVRip.XviD.Rus.Eng.BaibaKo.tv.avi
Jonathan.Strange.And.Mr.Norrell.s01e03.HDTVRip.XviD.Rus.Eng.BaibaKo.tv.avi
Jonathan.Strange.And.Mr.Norrell.s01e04.HDTVRip.XviD.Rus.Eng.BaibaKo.tv.avi
Jonathan.Strange.And.Mr.Norrell.s01e05.HDTVRip.XviD.Rus.Eng.BaibaKo.tv.avi
Jonathan.Strange.And.Mr.Norrell.s01e06.HDTVRip.XviD.Rus.Eng.BaibaKo.tv.avi
Jonathan.Strange.And.Mr.Norrell.s01e07.BDRip.XviD.Rus.Eng.BaibaKo.tv.avi
Marvels.Daredevil.S01E01.rus.LostFilm.TV.avi
Marvels.Daredevil.S01E02.rus.LostFilm.TV.avi
Marvels.Daredevil.S01E03.rus.LostFilm.TV.avi
Marvels.Daredevil.S01E04.rus.LostFilm.TV.avi
Marvels.Daredevil.S01E05.rus.LostFilm.TV.avi
Marvels.Daredevil.S01E06.rus.LostFilm.TV.avi
Marvels.Daredevil.S01E07.rus.LostFilm.TV.avi
Marvels.Daredevil.S01E08.rus.LostFilm.TV.avi
Marvels.Daredevil.S01E09.rus.LostFilm.TV.avi
Marvels.Daredevil.S01E10.rus.LostFilm.TV.avi
Marvels.Daredevil.S01E11.rus.LostFilm.TV.avi
Marvels.Daredevil.S01E12.rus.LostFilm.TV.avi
Mentalist.s06e17.HD720p.WEB-DL.Rus.Eng.BaibaKo.tv.mkv
Mentalist.s06e19.HD720p.WEB-DL.Rus.Eng.BaibaKo.tv.mkv
Mentalist.s06e20.HD720p.WEB-DL.Rus.Eng.BaibaKo.tv.mkv
Mentalist.s06e21.HD720p.WEB-DL.Rus.Eng.BaibaKo.tv.mkv
Mentalist.s06e22.HD720p.WEB-DL.Rus.Eng.BaibaKo.tv.mkv
Mentalist.s07e01.WEBDLRip.x264.Rus.Eng.BaibaKo.tv.mkv
Mentalist.s07e02.WEBDLRip.x264.Rus.Eng.BaibaKo.tv.mkv
Mentalist.s07e03.HDTVRip.x264.Rus.Eng.BaibaKo.tv.mkv
Mentalist.s07e04.HDTVRip.x264.Rus.Eng.BaibaKo.tv.mkv
Mentalist.s07e05.WEBDLRip.x264.Rus.Eng.BaibaKo.tv.mkv
Mentalist.s07e06.WEBDLRip.x264.Rus.Eng.BaibaKo.tv.mkv
Mentalist.s07e07.WEBDLRip.x264.Rus.Eng.BaibaKo.tv.mkv
Mentalist.s07e08.WEBDLRip.x264.Rus.Eng.BaibaKo.tv.mkv
Mentalist.s07e09.WEBDLRip.x264.Rus.Eng.BaibaKo.tv.mkv
Mentalist.s07e10.WEBDLRip.x264.Rus.Eng.BaibaKo.tv.mkv
Mentalist.s07e11.WEBDLRip.x264.Rus.Eng.BaibaKo.tv.mkv
Mentalist.s07e12-13.WEBDLRip.x264.Rus.Eng.BaibaKo.tv.mkv
Penny.Dreadful.S01E01.rus.LostFilm.TV.avi
Penny.Dreadful.S01E02.rus.LostFilm.TV.avi
Penny.Dreadful.S01E03.rus.LostFilm.TV.avi
Penny.Dreadful.S01E04.rus.LostFilm.TV.avi
Penny.Dreadful.S01E05.rus.LostFilm.TV.avi
Penny.Dreadful.S01E06.rus.LostFilm.TV.avi
Penny.Dreadful.S01E07.rus.LostFilm.TV.avi
Penny.Dreadful.S01E08.rus.LostFilm.TV.avi
Penny.Dreadful.S02E01.rus.LostFilm.TV.avi
Penny.Dreadful.S02E02.rus.LostFilm.TV.avi
Penny.Dreadful.S02E03.rus.LostFilm.TV.avi
Penny.Dreadful.S02E04.rus.LostFilm.TV.avi
Penny.Dreadful.S02E05.rus.LostFilm.TV.avi
Penny.Dreadful.S02E06.rus.LostFilm.TV.avi
Penny.Dreadful.S02E07.rus.LostFilm.TV.avi
Penny.Dreadful.S02E09.rus.LostFilm.TV.avi
Penny.Dreadful.S02E10.rus.LostFilm.TV.avi
Rosemarys.Baby.S01E01.rus.LostFilm.TV.avi
Sleepy.Hollow.S02E01.rus.LostFilm.TV.avi
Sleepy.Hollow.S02E02.rus.LostFilm.TV.avi
Sleepy.Hollow.S02E03.rus.LostFilm.TV.avi
Sleepy.Hollow.S02E04.rus.LostFilm.TV.avi
Sleepy.Hollow.S02E05.rus.LostFilm.TV.avi
Sleepy.Hollow.S02E06.rus.LostFilm.TV.avi
Sleepy.Hollow.S02E07.rus.LostFilm.TV.avi
Sleepy.Hollow.S02E08.rus.LostFilm.TV.avi
Sleepy.Hollow.S02E09.rus.LostFilm.TV.avi
Sleepy.Hollow.S02E10.rus.LostFilm.TV.avi
Sleepy.Hollow.S02E11.rus.LostFilm.TV.avi
Sleepy.Hollow.S02E12.rus.LostFilm.TV.avi
Sleepy.Hollow.S02E13.rus.LostFilm.TV.avi
Sleepy.Hollow.S02E14.rus.LostFilm.TV.avi
Sleepy.Hollow.S02E15.rus.LostFilm.TV.avi
Sleepy.Hollow.S02E16.rus.LostFilm.TV.avi
Sleepy.Hollow.S02E18.rus.LostFilm.TV.avi
StarGate Atlantis [1x01] Rising.avi
StarGate Atlantis [1x03] Lockdown.avi
StarGate Atlantis [1x04] Thirty-Eight Minutes.avi
StarGate Atlantis [1x05] Suspicion.avi
StarGate Atlantis [1x06] Childhoods End.avi
StarGate Atlantis [1x07] Poisoning The Well.avi
StarGate Atlantis [1x08] Underground.avi
StarGate Atlantis [1x09] Home.avi
StarGate Atlantis [1x10] The Storm (Part 1).avi
StarGate Atlantis [1x11] The Eye (Part 2).avi
StarGate Atlantis [1x12] The Defiant One.avi
StarGate Atlantis [1x13] Hot Zone.avi
StarGate Atlantis [1x14] Sanctuary.avi
StarGate Atlantis [1x15] Before I Sleep.avi
StarGate Atlantis [1x16] The Brotherhood.avi
StarGate Atlantis [1x17] Letters From Pegasus.avi
StarGate Atlantis [1x18] The Gift.avi
StarGate Atlantis [1x19] The Siege (Part 1).avi
StarGate Atlantis [1x20] The Siege (Part 2).avi
StarGate.Atlantis.s2e01.The.Siege.Part3.HD.rus-eng.Next-FandF.ru-LostFilm.TV.avi
StarGate.Atlantis.s2e02.The.Intruder.HD.rus-eng.Next-FandF.ru-LostFilm.TV.avi
StarGate.Atlantis.s2e03.Runner.HD.rus-eng.Next-FandF.ru-LostFilm.TV.avi
StarGate.Atlantis.s2e04.Duet.HD.rus-eng.Next-FandF.ru-LostFilm.TV.avi
StarGate.Atlantis.s2e05.Condemned.HD.rus-eng.Next-FandF.ru-LostFilm.TV.avi
StarGate.Atlantis.s2e06.Trinity.HD.rus-eng.Next-FandF.ru-LostFilm.TV.avi
StarGate.Atlantis.s2e07.Instinct.HD.rus-eng.Next-FandF.ru-LostFilm.TV.avi
StarGate.Atlantis.s2e08.Conversion.HD.rus-eng.Next-FandF.ru-LostFilm.TV.avi
StarGate.Atlantis.s2e09.Aurora.HD.rus-eng.Next-FandF.ru-LostFilm.TV.avi
StarGate.Atlantis.s2e10.The.Lost.Boys.HD.rus-eng.Next-FandF.ru-LostFilm.TV.avi
StarGate.Atlantis.s2e11.The.Hive.HD.rus-eng.Next-FandF.ru-LostFilm.TV.avi
StarGate.Atlantis.s2e12.Epiphany.HD.rus-eng.Next-FandF.ru-LostFilm.TV.avi
StarGate.Atlantis.s2e13.Critical.Mass.HD.rus-eng.Next-FandF.ru-LostFilm.TV.avi
StarGate.Atlantis.s2e14.Grace.under.Pressure.HD.rus-eng.Next-FandF.ru-LostFilm.TV.avi
StarGate.Atlantis.s2e15.The.Tower.HD.rus-eng.Next-FandF.ru-LostFilm.TV.avi
StarGate.Atlantis.s2e16.The.Long.Goodbye.HD.rus-eng.Next-FandF.ru-LostFilm.TV.avi
StarGate.Atlantis.s2e17.Coup.D'etat.HD.rus-eng.Next-FandF.ru-LostFilm.TV.avi
StarGate.Atlantis.s2e18.Michael.HD.rus-eng.Next-FandF.ru-LostFilm.TV.avi
StarGate.Atlantis.s2e19.Inferno.HD.rus-eng.Next-FandF.ru-LostFilm.TV.avi
StarGate.Atlantis.s2e20.Allies.HD.rus-eng.Next-FandF.ru-LostFilm.TV.avi
Stargate.Atlantis.S03E01.rus.lostfilm.tv.avi
Stargate.Atlantis.S03E02.rus.lostfilm.tv.avi
Stargate.Atlantis.S03E03.rus.lostfilm.tv.avi
Stargate.Atlantis.S03E04.rus.lostfilm.tv.avi
Stargate.Atlantis.S03E05.rus.lostfilm.tv.avi
Stargate.Atlantis.S03E06.rus.lostfilm.tv.avi
Stargate.Atlantis.S03E07.rus.lostfilm.tv.avi
Stargate.Atlantis.S03E08.rus.lostfilm.tv.avi
Stargate.Atlantis.S03E09.rus.lostfilm.tv.avi
Stargate.Atlantis.S03E10.rus.lostfilm.tv.avi
Stargate.Atlantis.S03E11.rus.lostfilm.tv.avi
Stargate.Atlantis.S03E12.rus.lostfilm.tv.avi
Stargate.Atlantis.S03E13.rus.lostfilm.tv.avi
Stargate.Atlantis.S03E14.rus.lostfilm.tv.avi
Stargate.Atlantis.S03E15.rus.lostfilm.tv.avi
Stargate.Atlantis.S03E16.rus.lostfilm.tv.avi
Stargate.Atlantis.S03E17.rus.lostfilm.tv.avi
Stargate.Atlantis.S03E18.rus.lostfilm.tv.avi
Stargate.Atlantis.S03E19.rus.lostfilm.tv.avi
Stargate.Atlantis.S03E20.rus.lostfilm.tv.avi
Stargate.Atlantis.s04e01.rus.LostFilm.TV.avi
Stargate.Atlantis.s04e02.rus.LostFilm.TV.avi
Stargate.Atlantis.s04e03.rus.LostFilm.TV.avi
Stargate.Atlantis.s04e04.rus.LostFilm.TV.avi
Stargate.Atlantis.s04e05.rus.LostFilm.TV.avi
Stargate.Atlantis.s04e06.rus.LostFilm.TV.avi
Stargate.Atlantis.s04e07.rus.LostFilm.TV.avi
Stargate.Atlantis.s04e08.rus.LostFilm.TV.avi
Stargate.Atlantis.s04e09.rus.LostFilm.TV.avi
Stargate.Atlantis.s04e10.rus.LostFilm.TV.avi
Stargate.Atlantis.s04e11.rus.LostFilm.TV.avi
Stargate.Atlantis.s04e12.rus.LostFilm.TV.avi
Stargate.Atlantis.s04e13.rus.LostFilm.TV.avi
Stargate.Atlantis.s04e14.rus.LostFilm.TV.avi
Stargate.Atlantis.s04e15.rus.LostFilm.TV.avi
Stargate.Atlantis.s04e16.rus.LostFilm.TV.avi
Stargate.Atlantis.s04e17.rus.LostFilm.TV.avi
Stargate.Atlantis.s04e18.rus.LostFilm.TV.avi
Stargate.Atlantis.s04e19.rus.LostFilm.TV.avi
Stargate.Atlantis.s04e20.rus.LostFilm.TV.avi
Stargate.Atlantis.s05e01.rus.LostFilm.TV.avi
Stargate.Atlantis.s05e02.rus.LostFilm.TV.avi
Stargate.Atlantis.s05e03.rus.LostFilm.TV.avi
Stargate.Atlantis.s05e04.rus.LostFilm.TV.avi
Stargate.Atlantis.s05e05.rus.LostFilm.TV.avi
Stargate.Atlantis.s05e06.rus.LostFilm.TV.avi
Stargate.Atlantis.s05e07.rus.LostFilm.TV.avi
Stargate.Atlantis.s05e08.rus.LostFilm.TV.avi
Stargate.Atlantis.s05e09.rus.LostFilm.TV.avi
Stargate.Atlantis.s05e10.rus.LostFilm.TV.avi
Stargate.Atlantis.s05e11.rus.LostFilm.TV.avi
Stargate.Atlantis.s05e12.rus.LostFilm.TV.avi
Stargate.Atlantis.s05e13.rus.LostFilm.TV.avi
Stargate.Atlantis.s05e14.rus.LostFilm.TV.avi
Stargate.Atlantis.s05e15.rus.LostFilm.TV.avi
Stargate.Atlantis.s05e16.rus.LostFilm.TV.avi
Stargate.Atlantis.s05e17.rus.LostFilm.TV.avi
Stargate.Atlantis.s05e18.rus.LostFilm.TV.avi
Stargate.Atlantis.s05e19.rus.LostFilm.TV.avi
Stargate.Atlantis.s05e20.rus.LostFilm.TV.avi
StarGate.SG-1.s1e12 Bloodlines.avi
StarGate.SG-1.s1e13 Fire And Water.avi
StarGate.SG-1.s1e14 Hathor.avi
StarGate.SG-1.s1e15 Singularity.avi
StarGate.SG-1.s1e16 Cor-Ai.avi
StarGate.SG-1.s1e17 Enigma.avi
StarGate.SG-1.s1e18 Solitudes.avi
StarGate.SG-1.s1e19 Tin Man.avi
StarGate.SG-1.s1e20 There But For The Grace Of God.avi
StarGate.SG-1.s1e21 Politics Part 1.avi
StarGate.SG-1.s1e22 Within The Serpent's Grasp Part 2.avi
Stargate_SG-1_-_10x01_-_Flash_and_Blood.avi
Stargate_SG-1_-_10x02_-_Morpheus.avi
Stargate_SG-1_-_10x03_-_The_Pegasus_Project.avi
Stargate_SG-1_-_10x04_-_Insiders.avi
Stargate_SG-1_-_10x05_-_Uninvited.avi
Stargate_SG-1_-_10x06_-_200.avi
Stargate_SG-1_-_10x07_-_Counterstrike.avi
Stargate_SG-1_-_10x08_-_Memento_Mori.avi
Stargate_SG-1_-_10x09_-_Company_Of_Thieves.avi
Stargate_SG-1_-_10x10_-_The_Quest_(Part_1).avi
Stargate_SG-1_-_10x11_-_The_Quest_(Part_2).avi
Stargate_SG-1_-_10x12_-_Line_In_The_Sand.avi
Stargate_SG-1_-_10x13_-_The_Road_Not_Taken.avi
Stargate_SG-1_-_10x14_-_The_Shroud.avi
Stargate_SG-1_-_10x15_-_Bounty.avi
Stargate_SG-1_-_10x16_-_Bad_Guys.avi
Stargate_SG-1_-_10x17_-_Talion.avi
Stargate_SG-1_-_10x18_-_Family_Ties.avi
Stargate_SG-1_-_10x19_-_Dominion.avi
Stargate_SG-1_-_10x20_-_Unending.avi
Stargate.SG-1.S02E01.The.Serpent'S.Lair.VHQ.DVDRip.DivX.Rus.avi
Stargate.SG-1.S02E02.In.The.Line.Of.Duty.VHQ.DVDRip.DivX.Rus.avi
Stargate.SG-1.S02E03.Prisoners.VHQ.DVDRip.DivX.Rus.avi
Stargate.SG-1.S02E04.The.Gamekeeper.VHQ.DVDRip.DivX.Rus.avi
Stargate.SG-1.S02E05.Need.VHQ.DVDRip.DivX.Rus.avi
Stargate.SG-1.S02E06.Thor'S.Chariot.VHQ.DVDRip.DivX.Rus.avi
Stargate.SG-1.S02E07.Message.In.A.Bottle.VHQ.DVDRip.DivX.Rus.avi
Stargate.SG-1.S02E08.Family.VHQ.DVDRip.DivX.Rus.avi
Stargate.SG-1.S02E09.Secrets.VHQ.DVDRip.DivX.Rus.avi
Stargate.SG-1.S02E10.Bane.VHQ.DVDRip.DivX.Rus.avi
Stargate.SG-1.S02E11.The.Tok'Ra.(Part.I).VHQ.DVDRip.DivX.Rus.avi
Stargate.SG-1.S02E12.The.Tok'Ra.(Part.Ii).VHQ.DVDRip.DivX.Rus.avi
Stargate.SG-1.S02E13.Spirits.VHQ.DVDRip.DivX.Rus.avi
Stargate.SG-1.S02E14.Touchstone.VHQ,DVDRip.DivX.Rus.avi
Stargate.SG-1.S02E15.The.Fifth.Race.VHQ.DVDRip.DivX.Rus.avi
Stargate.SG-1.S02E16.A.Matter.Of.Time.VHQ.DVDRip.DivX.Rus.avi
Stargate.SG-1.S02E17.Holiday.VHQ.DVDRip.DivX.Rus.avi
Stargate.SG-1.S02E18.Serpent'S.Song.VHQ.DVDRip.DivX.Rus.avi
Stargate.SG-1.S02E19.One.False.Step.VHQ.DVDRip.DivX.Rus.avi
Stargate.SG-1.S02E20.Show.And.Tell.VHQ.DVDRip.DivX.Rus.avi
Stargate.SG-1.S02E21.1969.VHQ.DVDRip.DivX.Rus.avi
Stargate.SG-1.S02E22.Out.Of.Mind.VHQ.DVDRip.DivX.Rus.avi
Stargate.SG-1.S03E01.Into.The.Fire.VHQ.DVDRip.XviD-(RUS)_(from_www.FTP85.ru).avi
Stargate.SG-1.S03E02.Seth.VHQ.DVDRip.XviD-(RUS)_(from_www.FTP85.ru).avi
Stargate.SG-1.S03E03.Fair.Game.VHQ.DVDRip.XviD-(RUS)_(from_www.FTP85.ru).avi
Stargate.SG-1.S03E04.Legacy.VHQ.DVDRip.XviD-(RUS)_(from_www.FTP85.ru).avi
Stargate.SG-1.S03E05.Learning.Curve.VHQ.DVDRip.XviD-(RUS)_(from_www.FTP85.ru).avi
Stargate.SG-1.S03E06.Point.Of.View.VHQ.DVDRip.XviD-(RUS)_(from_www.FTP85.ru).avi
Stargate.SG-1.S03E07.Deadman.Switch.VHQ.DVDRip.XviD-(RUS)_(from_www.FTP85.ru).avi
Stargate.SG-1.S03E08.Demons.VHQ.DVDRip.XviD-(RUS)_(from_www.FTP85.ru).avi
Stargate.SG-1.S03E09.Rules.Of.Engagement.VHQ.DVDRip.XviD-(RUS)_(from_www.FTP85.ru).avi
Stargate.SG-1.S03E10.Forever.In.A.Day.VHQ.DVDRip.XviD-(RUS)_(from_www.FTP85.ru).avi
Stargate.SG-1.S03E11.Past.And.Present.VHQ.DVDRip.XviD-(RUS)_(from_www.FTP85.ru).avi
Stargate.SG-1.S03E12.Jolinar'S.Memories.VHQ.DVDRip.XviD-(RUS)_(from_www.FTP85.ru).avi
Stargate.SG-1.S03E13.The.Devil.You.Know.VHQ.DVDRip.XviD-(RUS)_(from_www.FTP85.ru).avi
Stargate.SG-1.S03E14.Foothold.VHQ.DVDRip.XviD-(RUS)_(from_www.FTP85.ru).avi
Stargate.SG-1.S03E15.Pretense.VHQ.DVDRip.XviD-(RUS)_(from_www.FTP85.ru).avi
Stargate.SG-1.S03E16.Urgo.VHQ.DVDRip.XviD-(RUS)_(from_www.FTP85.ru).avi
Stargate.SG-1.S03E17.A.Hundred.Days.VHQ.DVDRip.XviD-(RUS)_(from_www.FTP85.ru).avi
Stargate.SG-1.S03E18.Shades.Of.Grey.VHQ.DVDRip.XviD-(RUS)_(from_www.FTP85.ru).avi
Stargate.SG-1.S03E19.New.Ground.VHQ.DVDRip.XviD-(RUS)_(from_www.FTP85.ru).avi
Stargate.SG-1.S03E20.Maternal.Instinct.VHQ.DVDRip.XviD-(RUS)_(from_www.FTP85.ru).avi
Stargate.SG-1.S03E21.Crystal.Skull.VHQ.DVDRip.XviD-(RUS)_(from_www.FTP85.ru).avi
Stargate.SG-1.S03E22.Nemesis.VHQ.DVDRip.XviD-(RUS)_(from_www.FTP85.ru).avi
Stargate.SG-1.S04E01.Small.Victories.VHQ.DVDRip.XviD-(Rus.Eng)_(from_www.FTP85.ru).avi
Stargate.SG-1.S04E02.The.Other.Side.VHQ.DVDRip.XviD-(Rus.Eng)_(from_www.FTP85.ru).avi
Stargate.SG-1.S04E03.Upgrades.VHQ.DVDRip.XviD-(Rus.Eng)_(from_www.FTP85.ru).avi
Stargate.SG-1.S04E06.Window.of.Opportunity.VHQ.DVDRip.XviD-(Rus.Eng)_(from_www.FTP85.ru).avi
Stargate.SG-1.S04E07.Watergate.VHQ.DVDRip.XviD-(Rus.Eng)_(from_www.FTP85.ru).avi
Stargate.SG-1.S04E08.The.First.Ones.VHQ.DVDRip.XviD-(Rus.Eng)_(from_www.FTP85.ru).avi
Stargate.SG-1.S04E09.Scortched.Earth.VHQ.DVDRip.XviD-(Rus.Eng)_(from_www.FTP85.ru).avi
Stargate.SG-1.S04E10.Beneath.The.Surface.VHQ.DVDRip.XviD-(Rus.Eng)_(from_www.FTP85.ru).avi
Stargate.SG-1.S04E11.Point.Of.No.Return.VHQ.DVDRip.XviD-(Rus.Eng)_(from_www.FTP85.ru).avi
Stargate.SG-1.S04E12.Tangent.VHQ.DVDRip.XviD-(Rus.Eng)_(from_www.FTP85.ru).avi
Stargate.SG-1.S04E13.The.Curse.VHQ.DVDRip.XviD-(Rus.Eng)_(from_www.FTP85.ru).avi
Stargate.SG-1.S04E14.The.Serpent's.Venom.VHQ.DVDRip.XviD-(Rus.Eng)_(from_www.FTP85.ru).avi
Stargate.SG-1.S04E15.Chain.Reaction.VHQ.DVDRip.XviD-(Rus.Eng)_(from_www.FTP85.ru).avi
Stargate.SG-1.S04E16.2010.VHQ.DVDRip.XviD-(Rus.Eng)_(from_www.FTP85.ru).avi
Stargate.SG-1.S04E17.Absolute.Power.VHQ.DVDRip.XviD-(Rus.Eng)_(from_www.FTP85.ru).avi
Stargate.SG-1.S04E18.The.Light.VHQ.DVDRip.XviD-(Rus.Eng)_(from_www.FTP85.ru).avi
Stargate.SG-1.S04E19.Prodigy.VHQ.DVDRip.XviD-(Rus.Eng)_(from_www.FTP85.ru).avi
Stargate.SG-1.S04E20.Entity.VHQ.DVDRip.XviD-(Rus.Eng)_(from_www.FTP85.ru).avi
Stargate.SG-1.S04E21.Double.Jeopardy.VHQ.DVDRip.XviD-(Rus.Eng)_(from_www.FTP85.ru).avi
Stargate.SG-1.S04E22.Exodus.VHQ.DVDRip.XviD-(Rus.Eng)_(from_www.FTP85.ru).avi
Stargate.SG-1.S05E01.Enemies.VHQ.DVDRip.XviD-(Rus.Eng)_(from_www.FTP85.ru).avi
Stargate.SG-1.S05E02.Threshold.VHQ.DVDRip.XviD-(Rus.Eng)_(from_www.FTP85.ru).avi
Stargate.SG-1.S05E03.Ascension.VHQ.DVDRip.XviD-(Rus.Eng)_(from_www.FTP85.ru).avi
Stargate.SG-1.S05E04.Fifth.Man.VHQ.DVDRip.XviD-(Rus.Eng)_(from_www.FTP85.ru).avi
Stargate.SG-1.S05E05.Red.Sky.DVDRip.VHQ.DVDRip.XviD-(Rus.Eng)_(from_www.FTP85.ru).avi
Stargate.SG-1.S05E06.Rite.Of.Passage.VHQ.DVDRip.XviD-(Rus.Eng)_(from_www.FTP85.ru).avi
Stargate.SG-1.S05E07.Beast.Of.Burden.VHQ.DVDRip.XviD-(Rus.Eng)_(from_www.FTP85.ru).avi
Stargate.SG-1.S05E09.Between.Two.Fires.VHQ.DVDRip.XviD-(Rus.Eng)_(from_www.FTP85.ru).avi
Stargate.SG-1.S05E10.2001.VHQ.DVDRip.XviD-(Rus.Eng)_(from_www.FTP85.ru).avi
Stargate.SG-1.S05E11.Desperate.Measures.VHQ.DVDRip.XviD-(Rus.Eng)_(from_www.FTP85.ru).avi
Stargate.SG-1.S05E12.Wormhole.X-Treme.VHQ.DVDRip.XviD-(Rus.Eng)_(from_www.FTP85.ru).avi
Stargate.SG-1.S05E13.Proving.Ground.VHQ.DVDRip.XviD-(Rus.Eng)_(from_www.FTP85.ru).avi
Stargate.SG-1.S05E14.48.Hours.VHQ.DVDRip.XviD-(Rus.Eng)_(from_www.FTP85.ru).avi
Stargate.SG-1.S05E15.Summit.VHQ.DVDRip.XviD-(Rus.Eng)_(from_www.FTP85.ru).avi
Stargate.SG-1.S05E16.Last.Stand.VHQ.DVDRip.XviD-(Rus.Eng)_(from_www.FTP85.ru).avi
Stargate.SG-1.S05E17.Failsafe.VHQ.DVDRip.XviD-(Rus.Eng)_(from_www.FTP85.ru).avi
Stargate.SG-1.S05E18.The.Warrior.VHQ.DVDRip.XviD-(Rus.Eng)_(from_www.FTP85.ru).avi
Stargate.SG-1.S05E19.Menace.VHQ.DVDRip.XviD-(Rus.Eng)_(from_www.FTP85.ru).avi
Stargate.SG-1.S05E20.The.Sentinel.VHQ.DVDRip.XviD-(Rus.Eng)_(from_www.FTP85.ru).avi
Stargate.SG-1.S05E21.Meridian.VHQ.DVDRip.XviD-(Rus.Eng)_(from_www.FTP85.ru).avi
Stargate.SG-1.S05E22.Revelations.VHQ.DVDRip.XviD-(Rus.Eng)_(from_www.FTP85.ru).avi
Stargate_SG-1_-_6x01_-_Redemption_(Part_1).avi
Stargate_SG-1_-_6x02_-_Redemption_(Part_2).avi
Stargate_SG-1_-_6x03_-_Descent.avi
Stargate_SG-1_-_6x04_-_Frozen.avi
Stargate_SG-1_-_6x05_-_Nightwalkers.avi
Stargate_SG-1_-_6x06_-_Abyss.avi
Stargate_SG-1_-_6x07_-_Shadow_Play.avi
Stargate_SG-1_-_6x08_-_The_Other_Guys.avi
Stargate_SG-1_-_6x09_-_Allegiance.avi
Stargate_SG-1_-_6x10_-_Cure.avi
Stargate_SG-1_-_6x11_-_Prometheus_(Part_1).avi
Stargate_SG-1_-_6x12_-_Unnatural_Selection_(Part_2).avi
Stargate_SG-1_-_6x13_-_Sight_Unseen.avi
Stargate_SG-1_-_6x14_-_Smoke_&_Mirrors.avi
Stargate_SG-1_-_6x15_-_Paradise_Lost.avi
Stargate_SG-1_-_6x16_-_Metamorphosis.avi
Stargate_SG-1_-_6x17_-_Disclosure.avi
Stargate_SG-1_-_6x18_-_Forsaken.avi
Stargate_SG-1_-_6x19_-_The_Changeling.avi
Stargate_SG-1_-_6x20_-_Memento.avi
Stargate_SG-1_-_6x21_-_Prophecy.avi
Stargate_SG-1_-_6x22_-_Full_Circle.avi
Stargate_SG-1_-_7x10_-_Birthright.avi
Stargate_SG-1_-_7x11_-_Evolution_(Part_1).avi
Stargate_SG-1_-_7x12_-_Evolution_(Part_2).avi
Stargate_SG-1_-_7x13_-_Grace.avi
Stargate_SG-1_-_7x14_-_Fallout.avi
Stargate_SG-1_-_7x15_-_Chimera.avi
Stargate_SG-1_-_7x16_-_Death_Knell.avi
Stargate_SG-1_-_7x17_-_Heroes_(Part_1).avi
Stargate_SG-1_-_7x18_-_Heroes_(Part_2).avi
Stargate_SG-1_-_7x19_-_Resurrection.avi
Stargate_SG-1_-_7x20_-_Inauguration.avi
Stargate_SG-1_-_7x21-22_-_Lost_City.avi
Stargate_SG-1_-_8x01-02_-_New_Order.avi
Stargate_SG-1_-_8x03_-_Lockdown.avi
Stargate_SG-1_-_8x04_-_Zero_Hour.avi
Stargate_SG-1_-_8x05_-_Icon.avi
Stargate_SG-1_-_8x06_-_Avatar.avi
Stargate_SG-1_-_8x07_-_Affinity.avi
Stargate_SG-1_-_8x08_-_Covenant.avi
Stargate_SG-1_-_8x09_-_Sacrifices.avi
Stargate_SG-1_-_8x10_-_Endgame.avi
Stargate_SG-1_-_8x11_-_Gemini.avi
Stargate_SG-1_-_8x12_-_Prometheus_Unbound.avi
Stargate_SG-1_-_8x13_-_It's_Good_To_Be_King.avi
Stargate_SG-1_-_8x14_-_Full_Alert.avi
Stargate_SG-1_-_8x15_-_Citizen_Joe.avi
Stargate_SG-1_-_8x16_-_Reckoning_(Part_1).avi
Stargate_SG-1_-_8x17_-_Reckoning_(Part_2).avi
Stargate_SG-1_-_8x18_-_Threads.avi
Stargate_SG-1_-_8x19_-_Moebius_(Part_1).avi
Stargate_SG-1_-_8x20_-_Moebius_(Part_2).avi
Stargate_SG-1_-_9x01_-_Avalon_(Part_1).avi
Stargate_SG-1_-_9x02_-_Avalon_(Part_2).avi
Stargate_SG-1_-_9x03_-_Origin.avi
Stargate_SG-1_-_9x04_-_The_Ties_That_Bind.avi
Stargate_SG-1_-_9x05_-_The_Powers_That_Be.avi
Stargate_SG-1_-_9x06_-_Beachhead.avi
Stargate_SG-1_-_9x07_-_Ex_Deus_Machina.avi
Stargate_SG-1_-_9x08_-_Babylon.avi
Stargate_SG-1_-_9x09_-_Prototype.avi
Stargate_SG-1_-_9x10_-_The_Fourth_Horseman_(Part_1).avi
Stargate_SG-1_-_9x11_-_The_Fourth_Horseman_(Part_2).avi
Stargate_SG-1_-_9x12_-_Collateral_Damage.avi
Stargate_SG-1_-_9x13_-_Ripple_Effect.avi
Stargate_SG-1_-_9x14_-_Stronghold.avi
Stargate_SG-1_-_9x15_-_Ethon.avi
Stargate_SG-1_-_9x16_-_Off_The_Grid.avi
Stargate_SG-1_-_9x17_-_The_Scourge.avi
Stargate_SG-1_-_9x18_-_Arthur's_Mantle.avi
Stargate_SG-1_-_9x19_-_Crusade.avi
Stargate_SG-1_-_9x20_-_Camelot.avi
Supernatural.S10E01.rus.LostFilm.TV.avi
Supernatural.S10E02.rus.LostFilm.TV.avi
Supernatural.S10E03.rus.LostFilm.TV.avi
Supernatural.S10E04.rus.LostFilm.TV.avi
Supernatural.S10E05.rus.LostFilm.TV.avi
Supernatural.S10E06.rus.LostFilm.TV.avi
Supernatural.S10E07.rus.LostFilm.TV.avi
Supernatural.S10E09.rus.LostFilm.TV.avi
Supernatural.S10E10.rus.LostFilm.TV.avi
Supernatural.S10E11.rus.LostFilm.TV.avi
Supernatural.S10E12.rus.LostFilm.TV.avi
Supernatural.S10E13.rus.LostFilm.TV.avi
Supernatural.S10E14.rus.LostFilm.TV.avi
Supernatural.S10E15.rus.LostFilm.TV.avi
Supernatural.S10E17.rus.LostFilm.TV.avi
Supernatural.S10E19.rus.LostFilm.TV.avi
Supernatural.S10E20.rus.LostFilm.TV.avi
Supernatural.S10E21.rus.LostFilm.TV.avi
Supernatural.S10E22.rus.LostFilm.TV.avi
The.Fall.S01E01.rus.LostFilm.TV.avi
The.Fall.S01E02.rus.LostFilm.TV.avi
The.Fall.S01E03.rus.LostFilm.TV.avi
The.Fall.S01E04.rus.LostFilm.TV.avi
The.Fall.S01E05.rus.LostFilm.TV.avi
The.Fall.S02E01.rus.LostFilm.TV.avi
The.Fall.S02E02.720p.rus.LostFilm.TV.mkv
The.Fall.S02E03.720p.rus.LostFilm.TV.mkv
The.Fall.S02E04.720p.rus.LostFilm.TV.mkv
The.Fall.S02E05.rus.LostFilm.TV.avi
The.Hundred.S02E01.rus.LostFilm.TV.avi
The.Hundred.S02E02.rus.LostFilm.TV.avi
The.Hundred.S02E03.rus.LostFilm.TV.avi
The.Hundred.S02E04.rus.LostFilm.TV.avi
The.Hundred.S02E05.rus.LostFilm.TV.avi
The.Hundred.S02E06.rus.LostFilm.TV.avi
The.Hundred.S02E07.rus.LostFilm.TV.avi
The.Hundred.S02E08.rus.LostFilm.TV.avi
The.Hundred.S02E09.rus.LostFilm.TV.avi
The.Hundred.S02E10.rus.LostFilm.TV.avi
The.Hundred.S02E11.rus.LostFilm.TV.avi
The.Hundred.S02E14.rus.LostFilm.TV.avi
The.Hundred.S02E15.rus.LostFilm.TV.avi
The.Strain.S01E01.rus.LostFilm.TV.avi
The.Strain.S01E02.rus.LostFilm.TV.avi
The.Strain.S01E03.rus.LostFilm.TV.avi
The.Strain.S01E04.rus.LostFilm.TV.avi
The.Strain.S01E05.rus.LostFilm.TV.avi
The.Strain.S01E06.rus.LostFilm.TV.avi
The.Strain.S01E07.rus.LostFilm.TV.avi
The.Strain.S01E08.rus.LostFilm.TV.avi
The.Strain.S01E09.rus.LostFilm.TV.avi
The.Strain.S01E10.rus.LostFilm.TV.avi
The.Strain.S01E11.rus.LostFilm.TV.avi
The.Strain.S01E12.rus.LostFilm.TV.avi
The.Walking.Dead.S05E01.rus.LostFilm.TV.avi
The.Walking.Dead.S05E02.rus.LostFilm.TV.avi
The.Walking.Dead.S05E03.rus.LostFilm.TV.avi
The.Walking.Dead.S05E04.rus.LostFilm.TV.avi
The.Walking.Dead.S05E05.rus.LostFilm.TV.avi
The.Walking.Dead.S05E06.rus.LostFilm.TV.avi
The.Walking.Dead.S05E07.rus.LostFilm.TV.avi
The.Walking.Dead.S05E08.rus.LostFilm.TV.avi
The.Walking.Dead.S05E09.rus.LostFilm.TV.avi
The.Walking.Dead.S05E10.rus.LostFilm.TV.avi
The.Walking.Dead.S05E11.rus.LostFilm.TV.avi
The.Walking.Dead.S05E12.rus.LostFilm.TV.avi
The.Walking.Dead.S05E13.rus.LostFilm.TV.avi
The.Walking.Dead.S05E16.rus.LostFilm.TV.avi
The.Whispers.S01E01.rus.LostFilm.TV.avi
The.Whispers.S01E02.rus.LostFilm.TV.avi
The.Whispers.S01E03.rus.LostFilm.TV.avi
The.Whispers.S01E04.rus.LostFilm.TV.avi
The.Whispers.S01E05.rus.LostFilm.TV.avi
The.Whispers.S01E06.rus.LostFilm.TV.avi
The.Whispers.S01E07.rus.LostFilm.TV.avi
The.Whispers.S01E08.rus.LostFilm.TV.avi
The.Whispers.S01E09.rus.LostFilm.TV.avi
The.Whispers.S01E10.rus.LostFilm.TV.avi
The.x.files.s8e01 - Within (DVDRip, Rus, RenTV).avi.avi
The.x.files.s8e02 - Without (DVDRip, Rus, RenTV).avi.avi
The.x.files.s8e03 - Patience (DVDRip_Rus_RenTV).avi.avi
The.x.files.s8e04 - Roadrunners (DVDRip_Rus_RenTV).avi.avi
The.x.files.s8e05 - Invocation (DVDRip_Rus_RenTV).avi.avi
The.x.files.s8e06 - Redrum (DVDRip_Rus_RenTV).avi.avi
The.x.files.s8e07 - Via Negativa (DVDRip_Rus_RenTV).avi.avi
The.x.files.s8e08 - Surekill (DVDRip_Rus_RenTV).avi.avi
The.x.files.s8e09 - Salvage (DVDRip_Rus_RenTV).avi.avi
The.x.files.s8e10 - Badlaa (DVDRip, Rus, RenTV).avi.avi
The.x.files.s8e11 - The Gift (DVDRip, Rus, RenTV).avi.avi
The.x.files.s8e12 - Medusa (DVDRip, Rus, RenTV).avi.avi
The.x.files.s8e13 - Per Manum (DVDRip, Rus, RenTV).avi.avi
The.x.files.s8e14 - This Is Not Happening (DVDRip, Rus, RenTV).avi.avi
The.x.files.s8e15 - DeadAlive (DVDRip, Rus, RenTV).avi.avi
The.x.files.s8e16 - Three Words (DVDRip, Rus, RenTV).avi.avi
The.x.files.s8e17 - Empedocles (DVDRip, Rus, RenTV).avi.avi
The.x.files.s8e18 - Vienen (DVDRip, Rus, RenTV).avi.avi
The.x.files.s8e19 - Alone (DVDRip, Rus, RenTV).avi.avi
The.x.files.s8e20 - Essence (DVDRip, Rus, RenTV).avi.avi
The.x.files.s8e21 - Existence (DVDRip, Rus, RenTV).avi.avi
The.x.files.s9e01 - Nothing Important Happened Today (DVDRip, RenTV).avi.avi
The.x.files.s9e02 - Nothing Important Happened Today II (DVDRip, RenTV).avi.avi
The.x.files.s9e03 - Daemonicus (DVDRip, RenTV).avi.avi
The.x.files.s9e04 - 4-D (DVDRip, RenTV).avi.avi
The.x.files.s9e05 - Lord Of The Flies (DVDRip, RenTV).avi.avi
The.x.files.s9e06 - Trust No 1 (DVDRip, RenTV).avi.avi
The.x.files.s9e07 - John Doe (DVDRip, RenTV).avi.avi
The.x.files.s9e08 - Hellbound (DVDRip, RenTV).avi.avi
The.x.files.s9e09 - Provenance (DVDRip, RenTV).avi.avi
The.x.files.s9e10 - Provedance (DVDRip, RenTV).avi.avi
The.x.files.s9e11 - Audrey Pauley (DVDRip, RenTV).avi.avi
The.x.files.s9e12 - Underneath (DVDRip, RenTV).avi.avi
The.x.files.s9e13 - Improbable (DVDRip, RenTV).avi.avi
The.x.files.s9e14 - Scary Monsters (DVDRip, RenTV).avi.avi
The.x.files.s9e15 - Jump the Shark (DVDRip, RenTV).avi.avi
The.x.files.s9e16 - William (DVDRip, RenTV).avi.avi
The.x.files.s9e17 - Release (DVDRip, RenTV).avi.avi
The.x.files.s9e18 - Sunshine Days (DVDRip, RenTV).avi.avi
The.x.files.s9e19 & 9x20 - The Truth (DVDRip, RenTV).avi.avi
Under.the.Dome.S02E02.rus.LostFilm.TV.avi
Under.the.Dome.S02E04.rus.LostFilm.TV.avi
Under.the.Dome.S02E05.rus.LostFilm.TV.avi
Under.the.Dome.S02E06.rus.LostFilm.TV.avi
Vikings.S01E01.rus.LostFilm.TV.avi
Vikings.S01E02.rus.LostFilm.TV.avi
Vikings.S01E03.rus.LostFilm.TV.avi
Vikings.S01E04.rus.LostFilm.TV.avi
Vikings.S01E05.rus.LostFilm.TV.avi
Vikings.S01E06.rus.LostFilm.TV.avi
Vikings.S01E07.rus.LostFilm.TV.avi
Vikings.S01E08.rus.LostFilm.TV.avi
Vikings.S01E09.rus.LostFilm.TV.avi
Vikings.S02E01.rus.LostFilm.TV.avi
Vikings.S02E02.rus.LostFilm.TV.avi
Vikings.S02E03.rus.LostFilm.TV.avi
Vikings.S02E04.rus.LostFilm.TV.avi
Vikings.S02E05.rus.LostFilm.TV.avi
Vikings.S02E06.rus.LostFilm.TV.avi
Vikings.S02E07.rus.LostFilm.TV.avi
Vikings.S02E08.rus.LostFilm.TV.avi
Vikings.S02E09.rus.LostFilm.TV.avi
Vikings.S02E10.rus.LostFilm.TV.avi
Vikings.S03E01.rus.LostFilm.TV.avi
Vikings.S03E02.rus.LostFilm.TV.avi
Vikings.S03E03.rus.LostFilm.TV.avi
Vikings.S03E04.rus.LostFilm.TV.avi
Vikings.S03E05.rus.LostFilm.TV.avi
Vikings.S03E07.rus.LostFilm.TV.avi
Vikings.S03E08.rus.LostFilm.TV.avi
Vikings.S03E10.rus.LostFilm.TV.avi
Z.Nation.S01E01.rus.LostFilm.TV.avi
Z.Nation.S01E02.rus.LostFilm.TV.avi
Z.Nation.S01E03.rus.LostFilm.TV.avi
Z.Nation.S01E04.rus.LostFilm.TV.avi
Z.Nation.S01E05.rus.LostFilm.TV.avi
Z.Nation.S01E06.rus.LostFilm.TV.avi
Z.Nation.S01E07.rus.LostFilm.TV.avi
Z.Nation.S01E08.rus.LostFilm.TV.avi
Z.Nation.S01E09.rus.LostFilm.TV.avi
Z.Nation.S01E10.rus.LostFilm.TV.avi
Чернобыл.Зона.отчуждения.s1e01.серия.avi
Чернобыл.Зона.отчуждения.s1e02.серия.avi
Чернобыл.Зона.отчуждения.s1e03.серия.avi
Чернобыл.Зона.отчуждения.s1e04.серия.avi
Чернобыл.Зона.отчуждения.s1e05.серия.avi
Чернобыл.Зона.отчуждения.s1e06.серия.avi
Чернобыл.Зона.отчуждения.s1e07.серия.avi
Чернобыл.Зона.отчуждения.s1e08.серия.avi
